// Jest Snapshot v1, https://goo.gl/fbAQLP

exports[`Home Components tests... Should render Home component 1`] = `ShallowWrapper {}`;
